// Jest Snapshot v1, https://goo.gl/fbAQLP

exports[`<App /> renders components correctly 1`] = `
Object {
  "asFragment": [Function],
  "baseElement": <body>
    <div>
      <div
        class="sc-iCfMLu dKjwJm"
      >
        <div
          class="sc-furwcr sSsDj"
        >
          <div
            class="sc-jRQBWg hyFbDX"
            data-testid="todoList"
          />
          <div
            class="sc-gKclnd dOOEtC"
          >
            <input
              class="sc-dkPtRN btQXEf"
              placeholder="할 일을 입력하시오..."
              value=""
            />
            <div
              class="sc-bdvvtL kpOUiC"
            >
              <div
                class="sc-gsDKAQ cpMYSa"
              >
                추가
              </div>
            </div>
          </div>
        </div>
      </div>
    </div>
  </body>,
  "container": <div>
    <div
      class="sc-iCfMLu dKjwJm"
    >
      <div
        class="sc-furwcr sSsDj"
      >
        <div
          class="sc-jRQBWg hyFbDX"
          data-testid="todoList"
        />
        <div
          class="sc-gKclnd dOOEtC"
        >
          <input
            class="sc-dkPtRN btQXEf"
            placeholder="할 일을 입력하시오..."
            value=""
          />
          <div
            class="sc-bdvvtL kpOUiC"
          >
            <div
              class="sc-gsDKAQ cpMYSa"
            >
              추가
            </div>
          </div>
        </div>
      </div>
    </div>
  </div>,
  "debug": [Function],
  "findAllByAltText": [Function],
  "findAllByDisplayValue": [Function],
  "findAllByLabelText": [Function],
  "findAllByPlaceholderText": [Function],
  "findAllByRole": [Function],
  "findAllByTestId": [Function],
  "findAllByText": [Function],
  "findAllByTitle": [Function],
  "findByAltText": [Function],
  "findByDisplayValue": [Function],
  "findByLabelText": [Function],
  "findByPlaceholderText": [Function],
  "findByRole": [Function],
  "findByTestId": [Function],
  "findByText": [Function],
  "findByTitle": [Function],
  "getAllByAltText": [Function],
  "getAllByDisplayValue": [Function],
  "getAllByLabelText": [Function],
  "getAllByPlaceholderText": [Function],
  "getAllByRole": [Function],
  "getAllByTestId": [Function],
  "getAllByText": [Function],
  "getAllByTitle": [Function],
  "getByAltText": [Function],
  "getByDisplayValue": [Function],
  "getByLabelText": [Function],
  "getByPlaceholderText": [Function],
  "getByRole": [Function],
  "getByTestId": [Function],
  "getByText": [Function],
  "getByTitle": [Function],
  "queryAllByAltText": [Function],
  "queryAllByDisplayValue": [Function],
  "queryAllByLabelText": [Function],
  "queryAllByPlaceholderText": [Function],
  "queryAllByRole": [Function],
  "queryAllByTestId": [Function],
  "queryAllByText": [Function],
  "queryAllByTitle": [Function],
  "queryByAltText": [Function],
  "queryByDisplayValue": [Function],
  "queryByLabelText": [Function],
  "queryByPlaceholderText": [Function],
  "queryByRole": [Function],
  "queryByTestId": [Function],
  "queryByText": [Function],
  "queryByTitle": [Function],
  "rerender": [Function],
  "unmount": [Function],
}
`;
